// Jest Snapshot v1, https://goo.gl/fbAQLP

exports[`renders correctly 1`] = `
.c0 {
  background-color: #fff;
  border: 1px solid #3023ae;
  color: #3023ae;
  cursor: pointer;
  font-family: Rubik;
  font-size: 0.75rem;
  font-weight: bold;
  line-height: 2.375rem;
  outline: none;
  padding: 0 0.75rem;
  white-space: nowrap;
}

.c0:focus {
  outline: 1px solid #3023ae;
  outline-offset: 1px;
}

.c0:disabled {
  border-color: #e4e4e8;
  color: #e4e4e8;
  cursor: default;
}

.c0:hover:not(:disabled) {
  background-color: #3023ae;
  color: #fff;
}

@media (min-width:576px) {
  .c0 {
    font-size: 1rem;
    padding: 0 1rem;
  }
}

<button
  className="c0"
  onClick={[Function]}
>
  Test
</button>
`;
