// Jest Snapshot v1, https://goo.gl/fbAQLP

exports[`renders correctly 1`] = `
.c0 {
  color: #3023ae;
}

<div
  className="c0"
>
  Test
</div>
`;
