// Jest Snapshot v1, https://goo.gl/fbAQLP

exports[`renders correctly 1`] = `
.c0 {
  display: -webkit-box;
  display: -webkit-flex;
  display: -ms-flexbox;
  display: flex;
}

.c0 > *:not(:last-child) {
  margin-right: 1rem;
}

<div
  className="c0"
>
  Test
</div>
`;
