// Jest Snapshot v1, https://goo.gl/fbAQLP

exports[`renders correctly 1`] = `
.c0 {
  display: block;
  height: 2rem;
  width: 2rem;
}

<img
  alt="Slidesdown"
  className="c0"
  src="Logo"
/>
`;
